// Jest Snapshot v1, https://goo.gl/fbAQLP

exports[`Should render lib 1`] = `
<code>
  Hello from lib
</code>
`;
